// Jest Snapshot v1, https://goo.gl/fbAQLP

exports[`welcome component should have a text saying Welcome to the dog app! 1`] = `
<View>
  <Text
    style={
      Object {
        "fontSize": 20,
        "padding": 20,
      }
    }
  >
    Welcome to the dog app!
  </Text>
  <View
    accessibilityRole="button"
    accessibilityState={Object {}}
    accessible={true}
    focusable={true}
    onClick={[Function]}
    onResponderGrant={[Function]}
    onResponderMove={[Function]}
    onResponderRelease={[Function]}
    onResponderTerminate={[Function]}
    onResponderTerminationRequest={[Function]}
    onStartShouldSetResponder={[Function]}
    style={
      Object {
        "opacity": 1,
      }
    }
    testID="welcomeButton"
  >
    <View
      style={
        Array [
          Object {},
        ]
      }
    >
      <Text
        style={
          Array [
            Object {
              "color": "#007AFF",
              "fontSize": 18,
              "margin": 8,
              "textAlign": "center",
            },
          ]
        }
      >
        Check out the dogs!
      </Text>
    </View>
  </View>
</View>
`;
